2016-06-18 19:22:46,694--logDef.py[line:35]--ERROR: 数据无法保存
2016-06-18 19:23:23,730--logDef.py[line:35]--ERROR: 数据无法保存
2016-06-23 15:30:49,291--logDef.py[line:34]--ERROR: 数据无法保存
2016-06-23 15:31:13,544--logDef.py[line:34]--ERROR: 接收的JSON格式出错
